------------------------------------------------------------
TimeQuest Timing Analyzer Summary
------------------------------------------------------------

Type  : Slow Model Setup 'clock_i'
Slack : -8.514
TNS   : -224.633

Type  : Slow Model Setup 'A[2]'
Slack : -2.857
TNS   : -11.444

Type  : Slow Model Setup 'sd_sel_q[0]'
Slack : -0.504
TNS   : -0.504

Type  : Slow Model Setup 'CLOCK_50'
Slack : 2.116
TNS   : 0.000

Type  : Slow Model Hold 'A[2]'
Slack : -13.027
TNS   : -94.386

Type  : Slow Model Hold 'CLOCK_50'
Slack : -1.864
TNS   : -1.864

Type  : Slow Model Hold 'sd_sel_q[0]'
Slack : -0.141
TNS   : -0.141

Type  : Slow Model Hold 'clock_i'
Slack : 0.372
TNS   : 0.000

Type  : Slow Model Recovery 'clock_i'
Slack : -0.429
TNS   : -0.429

Type  : Slow Model Recovery 'A[2]'
Slack : 5.404
TNS   : 0.000

Type  : Slow Model Removal 'A[2]'
Slack : -5.153
TNS   : -42.371

Type  : Slow Model Removal 'clock_i'
Slack : 1.181
TNS   : 0.000

Type  : Slow Model Minimum Pulse Width 'A[2]'
Slack : -3.106
TNS   : -115.249

Type  : Slow Model Minimum Pulse Width 'CLOCK_50'
Slack : -1.631
TNS   : -2.853

Type  : Slow Model Minimum Pulse Width 'clock_i'
Slack : -0.611
TNS   : -57.434

Type  : Slow Model Minimum Pulse Width 'sd_sel_q[0]'
Slack : 0.500
TNS   : 0.000

Type  : Fast Model Setup 'clock_i'
Slack : -3.225
TNS   : -67.008

Type  : Fast Model Setup 'A[2]'
Slack : -0.858
TNS   : -2.775

Type  : Fast Model Setup 'sd_sel_q[0]'
Slack : 0.153
TNS   : 0.000

Type  : Fast Model Setup 'CLOCK_50'
Slack : 1.343
TNS   : 0.000

Type  : Fast Model Hold 'A[2]'
Slack : -5.987
TNS   : -52.124

Type  : Fast Model Hold 'CLOCK_50'
Slack : -0.963
TNS   : -0.963

Type  : Fast Model Hold 'clock_i'
Slack : -0.182
TNS   : -0.182

Type  : Fast Model Hold 'sd_sel_q[0]'
Slack : -0.045
TNS   : -0.045

Type  : Fast Model Recovery 'clock_i'
Slack : 0.294
TNS   : 0.000

Type  : Fast Model Recovery 'A[2]'
Slack : 2.528
TNS   : 0.000

Type  : Fast Model Removal 'A[2]'
Slack : -1.828
TNS   : -15.018

Type  : Fast Model Removal 'clock_i'
Slack : 0.586
TNS   : 0.000

Type  : Fast Model Minimum Pulse Width 'A[2]'
Slack : -1.501
TNS   : -67.296

Type  : Fast Model Minimum Pulse Width 'CLOCK_50'
Slack : -1.380
TNS   : -2.380

Type  : Fast Model Minimum Pulse Width 'clock_i'
Slack : -0.500
TNS   : -47.000

Type  : Fast Model Minimum Pulse Width 'sd_sel_q[0]'
Slack : 0.500
TNS   : 0.000

------------------------------------------------------------
