Analysis & Synthesis report for MSX_DE1_Top
Tue Jan 10 19:31:07 2023
Quartus II 64-Bit Version 13.0.1 Build 232 06/12/2013 Service Pack 1 SJ Web Edition


---------------------
; Table of Contents ;
---------------------
  1. Legal Notice
  2. Analysis & Synthesis Summary
  3. Analysis & Synthesis Settings
  4. Parallel Compilation
  5. Analysis & Synthesis Messages



----------------
; Legal Notice ;
----------------
Copyright (C) 1991-2013 Altera Corporation
Your use of Altera Corporation's design tools, logic functions 
and other software and tools, and its AMPP partner logic 
functions, and any output files from any of the foregoing 
(including device programming or simulation files), and any 
associated documentation or information are expressly subject 
to the terms and conditions of the Altera Program License 
Subscription Agreement, Altera MegaCore Function License 
Agreement, or other applicable license agreement, including, 
without limitation, that your use is for the sole purpose of 
programming logic devices manufactured by Altera and sold by 
Altera or its authorized distributors.  Please refer to the 
applicable agreement for further details.



+--------------------------------------------------------------------------------------+
; Analysis & Synthesis Summary                                                         ;
+------------------------------------+-------------------------------------------------+
; Analysis & Synthesis Status        ; Failed - Tue Jan 10 19:31:07 2023               ;
; Quartus II 64-Bit Version          ; 13.0.1 Build 232 06/12/2013 SP 1 SJ Web Edition ;
; Revision Name                      ; MSX_DE1_Top                                     ;
; Top-level Entity Name              ; MSX_DE1_Top                                     ;
; Family                             ; Cyclone II                                      ;
; Total logic elements               ; N/A until Partition Merge                       ;
;     Total combinational functions  ; N/A until Partition Merge                       ;
;     Dedicated logic registers      ; N/A until Partition Merge                       ;
; Total registers                    ; N/A until Partition Merge                       ;
; Total pins                         ; N/A until Partition Merge                       ;
; Total virtual pins                 ; N/A until Partition Merge                       ;
; Total memory bits                  ; N/A until Partition Merge                       ;
; Embedded Multiplier 9-bit elements ; N/A until Partition Merge                       ;
; Total PLLs                         ; N/A until Partition Merge                       ;
+------------------------------------+-------------------------------------------------+


+----------------------------------------------------------------------------------------------------------------------+
; Analysis & Synthesis Settings                                                                                        ;
+----------------------------------------------------------------------------+--------------------+--------------------+
; Option                                                                     ; Setting            ; Default Value      ;
+----------------------------------------------------------------------------+--------------------+--------------------+
; Device                                                                     ; EP2C20F484C7       ;                    ;
; Top-level entity name                                                      ; MSX_DE1_Top        ; MSX_DE1_Top        ;
; Family name                                                                ; Cyclone II         ; Cyclone IV GX      ;
; Use smart compilation                                                      ; Off                ; Off                ;
; Enable parallel Assembler and TimeQuest Timing Analyzer during compilation ; On                 ; On                 ;
; Enable compact report table                                                ; Off                ; Off                ;
; Restructure Multiplexers                                                   ; Auto               ; Auto               ;
; Create Debugging Nodes for IP Cores                                        ; Off                ; Off                ;
; Preserve fewer node names                                                  ; On                 ; On                 ;
; Disable OpenCore Plus hardware evaluation                                  ; Off                ; Off                ;
; Verilog Version                                                            ; Verilog_2001       ; Verilog_2001       ;
; VHDL Version                                                               ; VHDL_1993          ; VHDL_1993          ;
; State Machine Processing                                                   ; Auto               ; Auto               ;
; Safe State Machine                                                         ; Off                ; Off                ;
; Extract Verilog State Machines                                             ; On                 ; On                 ;
; Extract VHDL State Machines                                                ; On                 ; On                 ;
; Ignore Verilog initial constructs                                          ; Off                ; Off                ;
; Iteration limit for constant Verilog loops                                 ; 5000               ; 5000               ;
; Iteration limit for non-constant Verilog loops                             ; 250                ; 250                ;
; Add Pass-Through Logic to Inferred RAMs                                    ; On                 ; On                 ;
; Infer RAMs from Raw Logic                                                  ; On                 ; On                 ;
; Parallel Synthesis                                                         ; On                 ; On                 ;
; DSP Block Balancing                                                        ; Auto               ; Auto               ;
; NOT Gate Push-Back                                                         ; On                 ; On                 ;
; Power-Up Don't Care                                                        ; On                 ; On                 ;
; Remove Redundant Logic Cells                                               ; Off                ; Off                ;
; Remove Duplicate Registers                                                 ; On                 ; On                 ;
; Ignore CARRY Buffers                                                       ; Off                ; Off                ;
; Ignore CASCADE Buffers                                                     ; Off                ; Off                ;
; Ignore GLOBAL Buffers                                                      ; Off                ; Off                ;
; Ignore ROW GLOBAL Buffers                                                  ; Off                ; Off                ;
; Ignore LCELL Buffers                                                       ; Off                ; Off                ;
; Ignore SOFT Buffers                                                        ; On                 ; On                 ;
; Limit AHDL Integers to 32 Bits                                             ; Off                ; Off                ;
; Optimization Technique                                                     ; Balanced           ; Balanced           ;
; Carry Chain Length                                                         ; 70                 ; 70                 ;
; Auto Carry Chains                                                          ; On                 ; On                 ;
; Auto Open-Drain Pins                                                       ; On                 ; On                 ;
; Perform WYSIWYG Primitive Resynthesis                                      ; Off                ; Off                ;
; Auto ROM Replacement                                                       ; On                 ; On                 ;
; Auto RAM Replacement                                                       ; On                 ; On                 ;
; Auto Shift Register Replacement                                            ; Auto               ; Auto               ;
; Allow Shift Register Merging across Hierarchies                            ; Auto               ; Auto               ;
; Auto Clock Enable Replacement                                              ; On                 ; On                 ;
; Strict RAM Replacement                                                     ; Off                ; Off                ;
; Allow Synchronous Control Signals                                          ; On                 ; On                 ;
; Force Use of Synchronous Clear Signals                                     ; Off                ; Off                ;
; Auto RAM to Logic Cell Conversion                                          ; Off                ; Off                ;
; Auto Resource Sharing                                                      ; Off                ; Off                ;
; Allow Any RAM Size For Recognition                                         ; Off                ; Off                ;
; Allow Any ROM Size For Recognition                                         ; Off                ; Off                ;
; Allow Any Shift Register Size For Recognition                              ; Off                ; Off                ;
; Use LogicLock Constraints during Resource Balancing                        ; On                 ; On                 ;
; Ignore translate_off and synthesis_off directives                          ; Off                ; Off                ;
; Timing-Driven Synthesis                                                    ; Off                ; Off                ;
; Report Parameter Settings                                                  ; On                 ; On                 ;
; Report Source Assignments                                                  ; On                 ; On                 ;
; Report Connectivity Checks                                                 ; On                 ; On                 ;
; Ignore Maximum Fan-Out Assignments                                         ; Off                ; Off                ;
; Synchronization Register Chain Length                                      ; 2                  ; 2                  ;
; PowerPlay Power Optimization                                               ; Normal compilation ; Normal compilation ;
; HDL message level                                                          ; Level2             ; Level2             ;
; Suppress Register Optimization Related Messages                            ; Off                ; Off                ;
; Number of Removed Registers Reported in Synthesis Report                   ; 5000               ; 5000               ;
; Number of Swept Nodes Reported in Synthesis Report                         ; 5000               ; 5000               ;
; Number of Inverted Registers Reported in Synthesis Report                  ; 100                ; 100                ;
; Clock MUX Protection                                                       ; On                 ; On                 ;
; Auto Gated Clock Conversion                                                ; Off                ; Off                ;
; Block Design Naming                                                        ; Auto               ; Auto               ;
; SDC constraint protection                                                  ; Off                ; Off                ;
; Synthesis Effort                                                           ; Auto               ; Auto               ;
; Shift Register Replacement - Allow Asynchronous Clear Signal               ; On                 ; On                 ;
; Pre-Mapping Resynthesis Optimization                                       ; Off                ; Off                ;
; Analysis & Synthesis Message Level                                         ; Medium             ; Medium             ;
; Disable Register Merging Across Hierarchies                                ; Auto               ; Auto               ;
; Resource Aware Inference For Block RAM                                     ; On                 ; On                 ;
; Synthesis Seed                                                             ; 1                  ; 1                  ;
+----------------------------------------------------------------------------+--------------------+--------------------+


Parallel compilation was disabled, but you have multiple processors available. Enable parallel compilation to reduce compilation time.
+-------------------------------------+
; Parallel Compilation                ;
+----------------------------+--------+
; Processors                 ; Number ;
+----------------------------+--------+
; Number detected on machine ; 16     ;
; Maximum allowed            ; 1      ;
+----------------------------+--------+


+-------------------------------+
; Analysis & Synthesis Messages ;
+-------------------------------+
Info: *******************************************************************
Info: Running Quartus II 64-Bit Analysis & Synthesis
    Info: Version 13.0.1 Build 232 06/12/2013 Service Pack 1 SJ Web Edition
    Info: Processing started: Tue Jan 10 19:31:06 2023
Info: Command: quartus_map --read_settings_files=on --write_settings_files=off MSX_DE1_Top -c MSX_DE1_Top
Warning (20028): Parallel compilation is not licensed and has been disabled
Info (12021): Found 2 design units, including 1 entities, in source file mapper components/mm74hc373.vhd
    Info (12022): Found design unit 1: C_74HC373WM-behaviour
    Info (12023): Found entity 1: C_74HC373WM
Info (12021): Found 2 design units, including 1 entities, in source file mapper components/74hc257.vhd
    Info (12022): Found design unit 1: C_74HC257-behaviour
    Info (12023): Found entity 1: C_74HC257
Info (12021): Found 2 design units, including 1 entities, in source file mapper components/74hc30.vhd
    Info (12022): Found design unit 1: C_74HC30-behaviour
    Info (12023): Found entity 1: C_74HC30
Info (12021): Found 2 design units, including 1 entities, in source file decoder_7seg.vhd
    Info (12022): Found design unit 1: decoder_7seg-rtl
    Info (12023): Found entity 1: decoder_7seg
Info (12021): Found 2 design units, including 1 entities, in source file msx_de1_top.vhd
    Info (12022): Found design unit 1: MSX_DE1_Top-rtl
    Info (12023): Found entity 1: MSX_DE1_Top
Info (12021): Found 1 design units, including 1 entities, in source file mapper components/c_74hc139.bdf
    Info (12023): Found entity 1: C_74HC139
Info (12127): Elaborating entity "MSX_DE1_Top" for the top level hierarchy
Warning (10541): VHDL Signal Declaration warning at MSX_DE1_Top.vhd(24): used implicit default value for signal "UART_TXD" because signal was never assigned a value or an explicit default value. Use of implicit default value may introduce unintended design optimizations.
Warning (10541): VHDL Signal Declaration warning at MSX_DE1_Top.vhd(28): used implicit default value for signal "DRAM_ADDR" because signal was never assigned a value or an explicit default value. Use of implicit default value may introduce unintended design optimizations.
Warning (10541): VHDL Signal Declaration warning at MSX_DE1_Top.vhd(29): used implicit default value for signal "DRAM_LDQM" because signal was never assigned a value or an explicit default value. Use of implicit default value may introduce unintended design optimizations.
Warning (10541): VHDL Signal Declaration warning at MSX_DE1_Top.vhd(30): used implicit default value for signal "DRAM_UDQM" because signal was never assigned a value or an explicit default value. Use of implicit default value may introduce unintended design optimizations.
Warning (10541): VHDL Signal Declaration warning at MSX_DE1_Top.vhd(31): used implicit default value for signal "DRAM_WE_N" because signal was never assigned a value or an explicit default value. Use of implicit default value may introduce unintended design optimizations.
Warning (10541): VHDL Signal Declaration warning at MSX_DE1_Top.vhd(32): used implicit default value for signal "DRAM_CAS_N" because signal was never assigned a value or an explicit default value. Use of implicit default value may introduce unintended design optimizations.
Warning (10541): VHDL Signal Declaration warning at MSX_DE1_Top.vhd(33): used implicit default value for signal "DRAM_RAS_N" because signal was never assigned a value or an explicit default value. Use of implicit default value may introduce unintended design optimizations.
Warning (10541): VHDL Signal Declaration warning at MSX_DE1_Top.vhd(34): used implicit default value for signal "DRAM_CS_N" because signal was never assigned a value or an explicit default value. Use of implicit default value may introduce unintended design optimizations.
Warning (10541): VHDL Signal Declaration warning at MSX_DE1_Top.vhd(35): used implicit default value for signal "DRAM_BA_0" because signal was never assigned a value or an explicit default value. Use of implicit default value may introduce unintended design optimizations.
Warning (10541): VHDL Signal Declaration warning at MSX_DE1_Top.vhd(36): used implicit default value for signal "DRAM_BA_1" because signal was never assigned a value or an explicit default value. Use of implicit default value may introduce unintended design optimizations.
Warning (10541): VHDL Signal Declaration warning at MSX_DE1_Top.vhd(37): used implicit default value for signal "DRAM_CLK" because signal was never assigned a value or an explicit default value. Use of implicit default value may introduce unintended design optimizations.
Warning (10541): VHDL Signal Declaration warning at MSX_DE1_Top.vhd(38): used implicit default value for signal "DRAM_CKE" because signal was never assigned a value or an explicit default value. Use of implicit default value may introduce unintended design optimizations.
Warning (10541): VHDL Signal Declaration warning at MSX_DE1_Top.vhd(58): used implicit default value for signal "SD_CLK" because signal was never assigned a value or an explicit default value. Use of implicit default value may introduce unintended design optimizations.
Warning (10541): VHDL Signal Declaration warning at MSX_DE1_Top.vhd(61): used implicit default value for signal "I2C_SCLK" because signal was never assigned a value or an explicit default value. Use of implicit default value may introduce unintended design optimizations.
Warning (10541): VHDL Signal Declaration warning at MSX_DE1_Top.vhd(69): used implicit default value for signal "TDO" because signal was never assigned a value or an explicit default value. Use of implicit default value may introduce unintended design optimizations.
Warning (10541): VHDL Signal Declaration warning at MSX_DE1_Top.vhd(71): used implicit default value for signal "VGA_HS" because signal was never assigned a value or an explicit default value. Use of implicit default value may introduce unintended design optimizations.
Warning (10541): VHDL Signal Declaration warning at MSX_DE1_Top.vhd(72): used implicit default value for signal "VGA_VS" because signal was never assigned a value or an explicit default value. Use of implicit default value may introduce unintended design optimizations.
Warning (10541): VHDL Signal Declaration warning at MSX_DE1_Top.vhd(73): used implicit default value for signal "VGA_R" because signal was never assigned a value or an explicit default value. Use of implicit default value may introduce unintended design optimizations.
Warning (10541): VHDL Signal Declaration warning at MSX_DE1_Top.vhd(74): used implicit default value for signal "VGA_G" because signal was never assigned a value or an explicit default value. Use of implicit default value may introduce unintended design optimizations.
Warning (10541): VHDL Signal Declaration warning at MSX_DE1_Top.vhd(75): used implicit default value for signal "VGA_B" because signal was never assigned a value or an explicit default value. Use of implicit default value may introduce unintended design optimizations.
Warning (10541): VHDL Signal Declaration warning at MSX_DE1_Top.vhd(80): used implicit default value for signal "AUD_DACDAT" because signal was never assigned a value or an explicit default value. Use of implicit default value may introduce unintended design optimizations.
Warning (10541): VHDL Signal Declaration warning at MSX_DE1_Top.vhd(82): used implicit default value for signal "AUD_XCK" because signal was never assigned a value or an explicit default value. Use of implicit default value may introduce unintended design optimizations.
Warning (10036): Verilog HDL or VHDL warning at MSX_DE1_Top.vhd(174): object "s_mreq" assigned a value but never read
Warning (10540): VHDL Signal Declaration warning at MSX_DE1_Top.vhd(180): used explicit default value for signal "s_reset" because signal was never assigned a value
Warning (10036): Verilog HDL or VHDL warning at MSX_DE1_Top.vhd(195): object "s_mappper_fd" assigned a value but never read
Warning (10036): Verilog HDL or VHDL warning at MSX_DE1_Top.vhd(196): object "s_mappper_fe" assigned a value but never read
Warning (10036): Verilog HDL or VHDL warning at MSX_DE1_Top.vhd(197): object "s_mappper_ff" assigned a value but never read
Warning (10036): Verilog HDL or VHDL warning at MSX_DE1_Top.vhd(200): object "s_mapper_slt0" assigned a value but never read
Warning (10036): Verilog HDL or VHDL warning at MSX_DE1_Top.vhd(201): object "s_mapper_slt1" assigned a value but never read
Warning (10036): Verilog HDL or VHDL warning at MSX_DE1_Top.vhd(202): object "s_mapper_slt2" assigned a value but never read
Warning (10036): Verilog HDL or VHDL warning at MSX_DE1_Top.vhd(203): object "s_mapper_slt3" assigned a value but never read
Warning (10492): VHDL Process Statement warning at MSX_DE1_Top.vhd(235): signal "s_reset" is read inside the Process Statement but isn't in the Process Statement's sensitivity list
Warning (10492): VHDL Process Statement warning at MSX_DE1_Top.vhd(253): signal "s_reset" is read inside the Process Statement but isn't in the Process Statement's sensitivity list
Warning (10492): VHDL Process Statement warning at MSX_DE1_Top.vhd(303): signal "s_reset" is read inside the Process Statement but isn't in the Process Statement's sensitivity list
Warning (10873): Using initial value X (don't care) for net "LEDR[9..8]" at MSX_DE1_Top.vhd(22)
Info (10041): Inferred latch for "s_msx_a[0]" at MSX_DE1_Top.vhd(289)
Info (10041): Inferred latch for "s_msx_a[1]" at MSX_DE1_Top.vhd(289)
Info (10041): Inferred latch for "s_msx_a[2]" at MSX_DE1_Top.vhd(289)
Info (10041): Inferred latch for "s_msx_a[3]" at MSX_DE1_Top.vhd(289)
Info (10041): Inferred latch for "s_msx_a[4]" at MSX_DE1_Top.vhd(289)
Info (10041): Inferred latch for "s_msx_a[5]" at MSX_DE1_Top.vhd(289)
Info (10041): Inferred latch for "s_msx_a[6]" at MSX_DE1_Top.vhd(289)
Info (10041): Inferred latch for "s_msx_a[7]" at MSX_DE1_Top.vhd(289)
Info (10041): Inferred latch for "LEDR[0]" at MSX_DE1_Top.vhd(226)
Info (10041): Inferred latch for "LEDR[1]" at MSX_DE1_Top.vhd(226)
Info (10041): Inferred latch for "LEDR[2]" at MSX_DE1_Top.vhd(226)
Info (10041): Inferred latch for "LEDR[3]" at MSX_DE1_Top.vhd(226)
Info (10041): Inferred latch for "LEDR[4]" at MSX_DE1_Top.vhd(226)
Info (10041): Inferred latch for "LEDR[5]" at MSX_DE1_Top.vhd(226)
Info (10041): Inferred latch for "LEDR[6]" at MSX_DE1_Top.vhd(226)
Info (10041): Inferred latch for "LEDR[7]" at MSX_DE1_Top.vhd(226)
Info (12128): Elaborating entity "decoder_7seg" for hierarchy "decoder_7seg:DISPHEX0"
Info (12128): Elaborating entity "C_74HC30" for hierarchy "C_74HC30:i_74HC30"
Warning (10620): VHDL warning at 74HC30.vhd(16): comparison between unequal length operands always returns FALSE
Info (12128): Elaborating entity "C_74HC139" for hierarchy "C_74HC139:i_74HC139"
Error (275021): Illegal wire or bus name "Y0(0)" of type pin 
Error (275021): Illegal wire or bus name "Y0(1)" of type pin 
Error (275021): Illegal wire or bus name "Y0(2)" of type pin 
Error (275021): Illegal wire or bus name "Y0(3)" of type pin 
Error (275021): Illegal wire or bus name "Y1(0)" of type pin 
Error (275021): Illegal wire or bus name "Y1(1)" of type pin 
Error (275021): Illegal wire or bus name "Y1(2)" of type pin 
Error (275021): Illegal wire or bus name "Y1(3)" of type pin 
Error (12152): Can't elaborate user hierarchy "C_74HC139:i_74HC139" File: C:/Users/alpha/Documents/Dev/MSX_DE1_Hat/Altera DE1  Project/MSX_DE1_Top.vhd Line: 340
Error: Quartus II 64-Bit Analysis & Synthesis was unsuccessful. 9 errors, 37 warnings
    Error: Peak virtual memory: 4627 megabytes
    Error: Processing ended: Tue Jan 10 19:31:07 2023
    Error: Elapsed time: 00:00:01
    Error: Total CPU time (on all processors): 00:00:01


